секунды начаты: 2026-09-22 20:19:15
питание: Now drawing from 'AC Power'
отпечаток кода: 4abc37cb
коммит: e1a06c4
───── предел: HiGHS, один на свободной машине ─────
═══ потолок-час   [20:19:15]
    готово потолок-час [22:20:40]
───── пересчёт: строго по одному ─────
═══ пересчёт-на-зонах   [22:20:40]
    готово пересчёт-на-зонах [22:24:16]
═══ выбытие-на-зонах   [22:24:16]
    готово выбытие-на-зонах [22:28:31]
═══ прокол-на-зонах   [22:28:31]
    готово прокол-на-зонах [22:32:46]
═══ равномерность-на-зонах   [22:32:46]
    готово равномерность-на-зонах [22:34:24]
───── журнал сна за время прогона ─────
записей Sleep с 2026-09-22 20:19:15: 0
машина не спала — замеры действительны
секунды закончены: 2026-09-22 22:34:27
код 0
