шаги начаты: 2026-09-22 19:05:37
питание: Now drawing from 'Battery Power'
отпечаток кода: 4abc37cb
коммит: e1a06c4
───── фаза 1, по два ─────
═══ база-против-нас   [19:05:38]
═══ кого-переобучать   [19:05:38]
    готово база-против-нас [19:07:12]
    готово кого-переобучать [19:16:20]
порядок кандидатов: E03,E04,E07,E05,E09,E12
двое лучших: E03,E04
═══ кривая-переобучения   [19:16:20]
═══ обучить-против-нанять   [19:16:20]
    готово обучить-против-нанять [19:23:55]
    готово кривая-переобучения [19:27:48]
═══ разрыв-смены   [19:27:48]
═══ перенос-окон   [19:27:48]
    готово перенос-окон [19:33:50]
    готово разрыв-смены [19:35:09]
═══ кто-не-влез   [19:35:09]
═══ дефицит-после   [19:35:09]
    готово кто-не-влез [19:36:20]
    готово дефицит-после [19:38:33]
═══ физпредел-зон   [19:38:33]
═══ окна-спрос   [19:38:33]
    готово окна-спрос [19:38:33]
    готово физпредел-зон [19:38:45]
═══ обязательства-на-зонах   [19:38:45]
═══ равномерность-против-людей   [19:38:45]
    готово обязательства-на-зонах [19:41:39]
    готово равномерность-против-людей [19:45:27]
═══ дешёвая-рекомендация   [19:45:27]
═══ буфер-и-баланс   [19:45:27]
    готово буфер-и-баланс [19:53:54]
    готово дешёвая-рекомендация [20:01:36]
───── отдельные замеры круга 21-го, по два ─────
═══ база-против-нас-интервалы   [20:01:36]
═══ приоритет   [20:01:36]
    готово приоритет [20:02:50]
    готово база-против-нас-интервалы [20:03:09]
═══ сколько-людей   [20:03:09]
═══ рекомендация-честно   [20:03:09]
    готово сколько-людей [20:04:05]
    готово рекомендация-честно [20:18:39]
───── сон за время шагов (для протокола; на шаги не влияет) ─────
записей Sleep с 2026-09-22 19:05:37: 0
шаги закончены: 2026-09-22 20:18:42
код 0
