фаза 1 начата: 2026-09-21 15:38:28
питание: -InternalBattery-0 (id=24051811)	73%; discharging; 10:16 remaining present: true
отпечаток кода: 1a56d0a8
коммит: 7ec7c9a
───── бюджет в шагах, по два ─────
═══ кого-переобучать   [15:38:28]
═══ база-против-нас   [15:38:28]
    готово база-против-нас [15:40:00]
    готово кого-переобучать [15:48:51]
порядок кандидатов: E03,E07,E04,E09,E12,E05
двое лучших: E03,E07
═══ кривая-переобучения   [15:48:51]
═══ обучить-против-нанять   [15:48:51]
    готово обучить-против-нанять [15:55:58]
    готово кривая-переобучения [15:59:34]
═══ разрыв-смены   [15:59:34]
═══ перенос-окон   [15:59:34]
    готово перенос-окон [16:05:17]
    готово разрыв-смены [16:06:26]
═══ дефицит-после   [16:06:26]
═══ кто-не-влез   [16:06:26]
    готово кто-не-влез [16:07:33]
    готово дефицит-после [16:09:40]
═══ физпредел-зон   [16:09:40]
═══ окна-спрос   [16:09:40]
    готово окна-спрос [16:09:40]
    готово физпредел-зон [16:09:51]
═══ обязательства-на-зонах   [16:09:51]
═══ равномерность-против-людей   [16:09:51]
    готово обязательства-на-зонах [16:11:57]
    готово равномерность-против-людей [16:58:57]
═══ дешёвая-рекомендация   [16:58:57]
═══ буфер-и-баланс   [16:58:57]
    готово буфер-и-баланс [17:06:17]
    готово дешёвая-рекомендация [17:13:49]
───── сон за время фазы (для протокола; на шаги не влияет) ─────
записей Sleep с 2026-09-21 15:38:28: 4
фаза 1 закончена: 2026-09-21 17:13:52
