фазы 2–3 начаты: 2026-09-21 20:38:13
питание: Now drawing from 'AC Power'
отпечаток кода: ac73b1e3
коммит: cb03d55
───── фаза 2: HiGHS, один на свободной машине ─────
═══ потолок-час   [20:38:13]
    готово потолок-час [22:06:32]
───── фаза 3: бюджет в секундах, строго по одному ─────
═══ пересчёт-на-зонах   [22:06:32]
    готово пересчёт-на-зонах [22:10:09]
═══ выбытие-на-зонах   [22:10:09]
    готово выбытие-на-зонах [22:14:24]
═══ прокол-на-зонах   [22:14:24]
    готово прокол-на-зонах [22:18:38]
═══ равномерность-на-зонах   [22:18:38]
    готово равномерность-на-зонах [22:20:15]
───── журнал сна за время прогона ─────
записей Sleep с 2026-09-21 20:38:13: 0
машина не спала — замеры действительны
фазы 2–3 закончены: 2026-09-21 22:20:18
